// Jest Snapshot v1, https://goo.gl/fbAQLP

exports[`lexer token coverage snapshots token kind sequence for full-feature program 1`] = `
[
  "workflow",
  "Identifier",
  "(",
  "Identifier",
  ":",
  "Identifier",
  ",",
  "Identifier",
  ":",
  "Identifier",
  ")",
  ":",
  "Identifier",
  "{",
  "const",
  "Identifier",
  "=",
  "Identifier",
  ".",
  "Identifier",
  "(",
  "[",
  "StringLiteral",
  ",",
  "Identifier",
  ",",
  "StringLiteral",
  "]",
  ")",
  ";",
  "const",
  "Identifier",
  "=",
  "Identifier",
  "*",
  "NumberLiteral",
  ";",
  "const",
  "Identifier",
  "=",
  "if",
  "(",
  "Identifier",
  ">",
  "NumberLiteral",
  ")",
  "{",
  "Identifier",
  "}",
  "else",
  "{",
  "StringLiteral",
  "}",
  ";",
  "const",
  "Identifier",
  "=",
  "switch",
  "(",
  "Identifier",
  ")",
  "{",
  "case",
  "StringLiteral",
  ":",
  "StringLiteral",
  "default",
  ":",
  "Identifier",
  "}",
  ";",
  "return",
  "Identifier",
  ";",
  "}",
  "EOF",
]
`;
